// Jest Snapshot v1, https://goo.gl/fbAQLP

exports[`Pruebas en <NoteScreen /> debe mostrarse correctamente 1`] = `
<div
  className="notes__main-content animate__animated animate__fadeIn"
>
  <div
    className="notes__appbar"
  >
    <span>
      March 24th 2022, 10:44:54 pm
    </span>
    <input
      id="uploadFile"
      onChange={[Function]}
      style={
        Object {
          "display": "none",
        }
      }
      type="file"
    />
    <div>
      <button
        className="btn btn-primary mr-5"
        onClick={[Function]}
      >
        Picture
      </button>
      <button
        className="btn btn-primary"
        onClick={[Function]}
      >
        Save
      </button>
    </div>
  </div>
  <div
    className="notes__content"
  >
    <input
      autoComplete="off"
      className="notes__title-input"
      name="title"
      onChange={[Function]}
      placeholder="Some awesome title"
      type="text"
      value="Title"
    />
    <textarea
      autoComplete="off"
      className="notes__title-textarea"
      name="body"
      onChange={[Function]}
      placeholder="What happened today"
      value="Body"
    />
  </div>
  <button
    className="btn btn-third"
    onClick={[Function]}
  >
    Delete
  </button>
</div>
`;
